Note: Unnecessary use of -X or --request, POST is already inferred.
  % Total    % Received % Xferd  Average Speed   Time    Time     Time  Current
                                 Dload  Upload   Total   Spent    Left  Speed
  0     0    0     0    0     0      0      0 --:--:-- --:--:-- --:--:--     0*   Trying 127.0.0.1:3000...
* Connected to 127.0.0.1 (127.0.0.1) port 3000
> POST /api/newchat HTTP/1.1
> Host: 127.0.0.1:3000
> User-Agent: curl/8.7.1
> Accept: */*
> Content-Type: application/json
> Content-Length: 803
> 
} [803 bytes data]
* upload completely sent off: 803 bytes
100   803    0     0  100   803      0    797  0:00:01  0:00:01 --:--:--   797100   803    0     0  100   803      0    399  0:00:02  0:00:02 --:--:--   399< HTTP/1.1 200 OK
< cache-control: no-cache
< connection: keep-alive
< content-type: text/event-stream
< x-accel-buffering: no
< x-vercel-ai-ui-message-stream: v1
< Date: Thu, 22 Jan 2026 19:16:25 GMT
< Transfer-Encoding: chunked
< 
100   803    0     0  100   803      0    273  0:00:02  0:00:02 --:--:--   273{ [30 bytes data]
data: {"type":"start"}

100   827    0    24  100   803      5    200  0:00:04  0:00:04 --:--:--   206data: {"type":"error","errorText":"[\n  {\n    \"code\": \"invalid_union\",\n    \"errors\": [\n      [\n        {\n          \"expected\": \"string\",\n          \"code\": \"invalid_type\",\n          \"path\": [],\n          \"message\": \"Invalid input: expected string, received array\"\n        }\n      ],\n      [\n        {\n          \"code\": \"invalid_union\",\n          \"errors\": [\n            [\n              {\n                \"code\": \"invalid_value\",\n                \"values\": [\n                  \"reasoning\"\n                ],\n                \"path\": [\n                  \"type\"\n                ],\n                \"message\": \"Invalid input: expected \\\"reasoning\\\"\"\n              },\n              {\n                \"expected\": \"string\",\n                \"code\": \"invalid_type\",\n                \"path\": [\n                  \"id\"\n                ],\n                \"message\": \"Invalid input: expected string, received undefined\"\n              },\n              {\n                \"code\": \"invalid_value\",\n                \"values\": [\n                  \"reasoning_text\"\n                ],\n                \"path\": [\n                  \"content\",\n                  0,\n                  \"type\"\n                ],\n                \"message\": \"Invalid input: expected \\\"reasoning_text\\\"\"\n              },\n              {\n                \"expected\": \"array\",\n                \"code\": \"invalid_type\",\n                \"path\": [\n                  \"summary\"\n                ],\n                \"message\": \"Invalid input: expected array, received undefined\"\n              }\n            ],\n            [\n              {\n                \"code\": \"invalid_union\",\n                \"errors\": [\n                  [\n                    {\n                      \"code\": \"invalid_union\",\n                      \"errors\": [],\n                      \"note\": \"No matching discriminator\",\n                      \"discriminator\": \"type\",\n                      \"path\": [\n                        0,\n                        \"type\"\n                      ],\n                      \"message\": \"Invalid input\"\n                    }\n                  ],\n                  [\n                    {\n                      \"expected\": \"string\",\n                      \"code\": \"invalid_type\",\n                      \"path\": [],\n                      \"message\": \"Invalid input: expected string, received array\"\n                    }\n                  ]\n                ],\n                \"path\": [\n                  \"content\"\n                ],\n                \"message\": \"Invalid input\"\n              }\n            ],\n            [\n              {\n                \"code\": \"invalid_union\",\n                \"errors\": [\n                  [\n                    {\n                      \"code\": \"invalid_value\",\n                      \"values\": [\n                        \"user\"\n                      ],\n                      \"path\": [],\n                      \"message\": \"Invalid input: expected \\\"user\\\"\"\n                    }\n                  ],\n                  [\n                    {\n                      \"code\": \"invalid_value\",\n                      \"values\": [\n                        \"system\"\n                      ],\n                      \"path\": [],\n                      \"message\": \"Invalid input: expected \\\"system\\\"\"\n                    }\n                  ],\n                  [\n                    {\n                      \"code\": \"invalid_value\",\n                      \"values\": [\n                        \"developer\"\n                      ],\n                      \"path\": [],\n                      \"message\": \"Invalid input: expected \\\"developer\\\"\"\n                    }\n                  ]\n                ],\n                \"path\": [\n                  \"role\"\n                ],\n                \"message\": \"Invalid input\"\n              },\n              {\n                \"code\": \"invalid_union\",\n                \"errors\": [],\n                \"note\": \"No matching discriminator\",\n                \"discriminator\": \"type\",\n                \"path\": [\n                  \"content\",\n                  0,\n                  \"type\"\n                ],\n                \"message\": \"Invalid input\"\n              }\n            ],\n            [\n              {\n                \"code\": \"invalid_value\",\n                \"values\": [\n                  \"function_call\"\n                ],\n                \"path\": [\n                  \"type\"\n                ],\n                \"message\": \"Invalid input: expected \\\"function_call\\\"\"\n              },\n              {\n                \"expected\": \"string\",\n                \"code\": \"invalid_type\",\n                \"path\": [\n                  \"call_id\"\n                ],\n                \"message\": \"Invalid input: expected string, received undefined\"\n              },\n              {\n                \"expected\": \"string\",\n                \"code\": \"invalid_type\",\n                \"path\": [\n                  \"name\"\n                ],\n                \"message\": \"Invalid input: expected string, received undefined\"\n              },\n              {\n                \"expected\": \"string\",\n                \"code\": \"invalid_type\",\n                \"path\": [\n                  \"arguments\"\n                ],\n                \"message\": \"Invalid input: expected string, received undefined\"\n              },\n              {\n                \"expected\": \"string\",\n                \"code\": \"invalid_type\",\n                \"path\": [\n                  \"id\"\n                ],\n                \"message\": \"Invalid input: expected string, received undefined\"\n              }\n            ],\n            [\n              {\n                \"code\": \"invalid_value\",\n                \"values\": [\n                  \"function_call_output\"\n                ],\n                \"path\": [\n                  \"type\"\n                ],\n                \"message\": \"Invalid input: expected \\\"function_call_output\\\"\"\n              },\n              {\n                \"expected\": \"string\",\n                \"code\": \"invalid_type\",\n                \"path\": [\n                  \"call_id\"\n                ],\n                \"message\": \"Invalid input: expected string, received undefined\"\n              },\n              {\n                \"expected\": \"string\",\n                \"code\": \"invalid_type\",\n                \"path\": [\n                  \"output\"\n                ],\n                \"message\": \"Invalid input: expected string, received undefined\"\n              }\n            ],\n            [\n              {\n                \"code\": \"invalid_union\",\n                \"errors\": [\n                  [\n                    {\n                      \"code\": \"invalid_value\",\n                      \"values\": [\n                        \"message\"\n                      ],\n                      \"path\": [\n                        \"type\"\n                      ],\n                      \"message\": \"Invalid input: expected \\\"message\\\"\"\n                    }\n                  ],\n                  [\n                    {\n                      \"code\": \"invalid_value\",\n                      \"values\": [\n                        \"reasoning\"\n                      ],\n                      \"path\": [\n                        \"type\"\n                      ],\n                      \"message\": \"Invalid input: expected \\\"reasoning\\\"\"\n                    },\n                    {\n                      \"code\": \"invalid_value\",\n                      \"values\": [\n                        \"reasoning_text\"\n                      ],\n                      \"path\": [\n                        \"content\",\n                        0,\n                        \"type\"\n                      ],\n                      \"message\": \"Invalid input: expected \\\"reasoning_text\\\"\"\n                    },\n                    {\n                      \"expected\": \"array\",\n                      \"code\": \"invalid_type\",\n                      \"path\": [\n                        \"summary\"\n                      ],\n                      \"message\": \"Invalid input: expected array, received undefined\"\n                    }\n                  ],\n                  [\n                    {\n                      \"code\": \"invalid_value\",\n                      \"values\": [\n                        \"function_call\"\n                      ],\n                      \"path\": [\n                        \"type\"\n                      ],\n                      \"message\": \"Invalid input: expected \\\"function_call\\\"\"\n                    },\n                    {\n                      \"expected\": \"string\",\n                      \"code\": \"invalid_type\",\n                      \"path\": [\n                        \"name\"\n                      ],\n                      \"message\": \"Invalid input: expected string, received undefined\"\n                    },\n                    {\n                      \"expected\": \"string\",\n                      \"code\": \"invalid_type\",\n                      \"path\": [\n                        \"arguments\"\n                      ],\n                      \"message\": \"Invalid input: expected string, received undefined\"\n                    },\n                    {\n                      \"expected\": \"string\",\n                      \"code\": \"invalid_type\",\n                      \"path\": [\n                        \"call_id\"\n                      ],\n                      \"message\": \"Invalid input: expected string, received undefined\"\n                    }\n                  ],\n                  [\n                    {\n                      \"code\": \"invalid_value\",\n                      \"values\": [\n                        \"web_search_call\"\n                      ],\n                      \"path\": [\n                        \"type\"\n                      ],\n                      \"message\": \"Invalid input: expected \\\"web_search_call\\\"\"\n                    },\n                    {\n                      \"code\": \"invalid_value\",\n                      \"values\": [\n                        \"completed\",\n                        \"searching\",\n                        \"in_progress\",\n                        \"failed\"\n                      ],\n                      \"path\": [\n                        \"status\"\n                      ],\n                      \"message\": \"Invalid option: expected one of \\\"completed\\\"|\\\"searching\\\"|\\\"in_progress\\\"|\\\"failed\\\"\"\n                    }\n                  ],\n                  [\n                    {\n                      \"code\": \"invalid_value\",\n                      \"values\": [\n                        \"file_search_call\"\n                      ],\n                      \"path\": [\n                        \"type\"\n                      ],\n                      \"message\": \"Invalid input: expected \\\"file_search_call\\\"\"\n                    },\n                    {\n                      \"expected\": \"array\",\n                      \"code\": \"invalid_type\",\n                      \"path\": [\n                        \"queries\"\n                      ],\n                      \"message\": \"Invalid input: expected array, received undefined\"\n                    },\n                    {\n                      \"code\": \"invalid_value\",\n                      \"values\": [\n                        \"completed\",\n                        \"searching\",\n                        \"in_progress\",\n                        \"failed\"\n                      ],\n                      \"path\": [\n                        \"status\"\n                      ],\n                      \"message\": \"Invalid option: expected one of \\\"completed\\\"|\\\"searching\\\"|\\\"in_progress\\\"|\\\"failed\\\"\"\n                    }\n                  ],\n                  [\n                    {\n                      \"code\": \"invalid_value\",\n                      \"values\": [\n                        \"image_generation_call\"\n                      ],\n                      \"path\": [\n                        \"type\"\n                      ],\n                      \"message\": \"Invalid input: expected \\\"image_generation_call\\\"\"\n                    },\n                    {\n                      \"code\": \"invalid_value\",\n                      \"values\": [\n                        \"in_progress\",\n                        \"completed\",\n                        \"generating\",\n                        \"failed\"\n                      ],\n                      \"path\": [\n                        \"status\"\n                      ],\n                      \"message\": \"Invalid option: expected one of \\\"in_progress\\\"|\\\"completed\\\"|\\\"generating\\\"|\\\"failed\\\"\"\n                    }\n                  ]\n                ],\n                \"path\": [],\n                \"message\": \"Invalid input\"\n              }\n            ]\n          ],\n          \"path\": [\n            2\n          ],\n          \"message\": \"Invalid input\"\n        }\n      ]\n    ],\n    \"path\": [\n      \"input\"\n    ],\n    \"message\": \"Invalid input\"\n  }\n]"}

100 14647    0 13844  100   803   3084    178  0:00:04  0:00:04 --:--:--  3262data: [DONE]

100 14661    0 13858  100   803   3065    177  0:00:04  0:00:04 --:--:--  3943
* Connection #0 to host 127.0.0.1 left intact
